generated index (1/22) sections=2
generated 00_overview (2/22) sections=8
generated 01_expressions (3/22) sections=29
generated 02_primitives (4/22) sections=18
generated 03_containers (5/22) sections=20
generated 04_operators (6/22) sections=23
generated 05_mutability (7/22) sections=21
generated 06_functions (8/22) sections=29
generated 07_control (9/22) sections=10
generated 08_failure (10/22) sections=17
generated 09_structs_enums (11/22) sections=14
generated 10_classes_interfaces (12/22) sections=40
generated 11_types (13/22) sections=31
generated 12_access (14/22) sections=21
generated 13_effects (15/22) sections=15
generated 14_concurrency (16/22) sections=36
generated 15_live_variables (17/22) sections=23
generated 16_modules (18/22) sections=33
generated 17_persistable (19/22) sections=11
generated 18_evolution (20/22) sections=16
generated VerseSyntaxValidation (21/22) sections=4
generated concept_index (22/22) sections=54
{
  "pages": 22,
  "cache_entries": 3267,
  "format": "cn-reader-with-folded-original"
}
